// Jest Snapshot v1, https://goo.gl/fbAQLP

exports[`Markbox parse 1`] = `
"<p>Code from markdown:</p>
<iframe class=\\"codesandbox\\" sandbox=\\"allow-modals allow-forms allow-popups allow-scripts allow-same-origin\\" src=\\"https://codesandbox.io/embed/93ow5vp8o?\\"></iframe>"
`;
